components/common/LineSelector.tsx(24,40): error TS2345: Argument of type 'string' is not assignable to parameter of type 'Record<string, string | number>'.
components/common/LineSelector.tsx(36,72): error TS2345: Argument of type 'string' is not assignable to parameter of type 'Record<string, string | number>'.
contexts/AuthContext.tsx(2,10): error TS2459: Module '"../services/authService"' declares 'User' locally, but it is not exported.
hooks/useUsers.ts(9,10): error TS2459: Module '"../services/authService"' declares 'User' locally, but it is not exported.
